usbd_conf.c:68:6:HAL_PCD_MspInit	48	static
usbd_conf.c:116:6:HAL_PCD_MspDeInit	16	static
usbd_conf.c:152:6:HAL_PCD_SetupStageCallback	16	static
usbd_conf.c:167:6:HAL_PCD_DataOutStageCallback	16	static
usbd_conf.c:182:6:HAL_PCD_DataInStageCallback	16	static
usbd_conf.c:196:6:HAL_PCD_SOFCallback	16	static
usbd_conf.c:210:6:HAL_PCD_ResetCallback	24	static
usbd_conf.c:243:6:HAL_PCD_SuspendCallback	16	static
usbd_conf.c:268:6:HAL_PCD_ResumeCallback	16	static
usbd_conf.c:286:6:HAL_PCD_ISOOUTIncompleteCallback	16	static
usbd_conf.c:301:6:HAL_PCD_ISOINIncompleteCallback	16	static
usbd_conf.c:315:6:HAL_PCD_ConnectCallback	16	static
usbd_conf.c:334:6:HAL_PCD_DisconnectCallback	16	static
usbd_conf.c:356:20:USBD_LL_Init	16	static
usbd_conf.c:406:20:USBD_LL_DeInit	24	static
usbd_conf.c:423:20:USBD_LL_Start	24	static
usbd_conf.c:440:20:USBD_LL_Stop	24	static
usbd_conf.c:460:20:USBD_LL_OpenEP	24	static
usbd_conf.c:478:20:USBD_LL_CloseEP	24	static
usbd_conf.c:496:20:USBD_LL_FlushEP	24	static
usbd_conf.c:514:20:USBD_LL_StallEP	24	static
usbd_conf.c:532:20:USBD_LL_ClearStallEP	24	static
usbd_conf.c:550:9:USBD_LL_IsStallEP	24	static
usbd_conf.c:570:20:USBD_LL_SetUSBAddress	24	static
usbd_conf.c:590:20:USBD_LL_Transmit	32	static
usbd_conf.c:610:20:USBD_LL_PrepareReceive	32	static
usbd_conf.c:628:10:USBD_LL_GetRxDataSize	16	static
usbd_conf.c:639:6:HAL_PCDEx_LPM_Callback	16	static
usbd_conf.c:674:6:USBD_LL_Delay	16	static
usbd_conf.c:685:13:SystemClockConfig_Resume	8	static
usbd_conf.c:695:20:USBD_Get_USB_Status	24	static
