usbd_conf.c:70:6:HAL_PCD_MspInit	48	static
usbd_conf.c:118:6:HAL_PCD_MspDeInit	16	static
usbd_conf.c:154:6:HAL_PCD_SetupStageCallback	16	static
usbd_conf.c:169:6:HAL_PCD_DataOutStageCallback	16	static
usbd_conf.c:184:6:HAL_PCD_DataInStageCallback	16	static
usbd_conf.c:198:6:HAL_PCD_SOFCallback	16	static
usbd_conf.c:212:6:HAL_PCD_ResetCallback	24	static
usbd_conf.c:245:6:HAL_PCD_SuspendCallback	16	static
usbd_conf.c:270:6:HAL_PCD_ResumeCallback	16	static
usbd_conf.c:288:6:HAL_PCD_ISOOUTIncompleteCallback	16	static
usbd_conf.c:303:6:HAL_PCD_ISOINIncompleteCallback	16	static
usbd_conf.c:317:6:HAL_PCD_ConnectCallback	16	static
usbd_conf.c:336:6:HAL_PCD_DisconnectCallback	16	static
usbd_conf.c:365:20:USBD_LL_Init	16	static
usbd_conf.c:415:20:USBD_LL_DeInit	24	static
usbd_conf.c:432:20:USBD_LL_Start	24	static
usbd_conf.c:449:20:USBD_LL_Stop	24	static
usbd_conf.c:469:20:USBD_LL_OpenEP	24	static
usbd_conf.c:487:20:USBD_LL_CloseEP	24	static
usbd_conf.c:505:20:USBD_LL_FlushEP	24	static
usbd_conf.c:523:20:USBD_LL_StallEP	24	static
usbd_conf.c:541:20:USBD_LL_ClearStallEP	24	static
usbd_conf.c:559:9:USBD_LL_IsStallEP	24	static
usbd_conf.c:579:20:USBD_LL_SetUSBAddress	24	static
usbd_conf.c:599:20:USBD_LL_Transmit	32	static
usbd_conf.c:619:20:USBD_LL_PrepareReceive	32	static
usbd_conf.c:637:10:USBD_LL_GetRxDataSize	16	static
usbd_conf.c:648:6:HAL_PCDEx_LPM_Callback	16	static
usbd_conf.c:683:6:USBD_LL_Delay	16	static
usbd_conf.c:694:13:SystemClockConfig_Resume	8	static
usbd_conf.c:704:20:USBD_Get_USB_Status	24	static
