stm32f7xx_it.c:72:6:NMI_Handler	8	static
stm32f7xx_it.c:88:6:HardFault_Handler	4	static
stm32f7xx_it.c:103:6:MemManage_Handler	4	static
stm32f7xx_it.c:118:6:BusFault_Handler	4	static
stm32f7xx_it.c:133:6:UsageFault_Handler	4	static
stm32f7xx_it.c:148:6:SVC_Handler	4	static
stm32f7xx_it.c:161:6:DebugMon_Handler	4	static
stm32f7xx_it.c:174:6:PendSV_Handler	4	static
stm32f7xx_it.c:187:6:SysTick_Handler	8	static
stm32f7xx_it.c:208:6:FLASH_IRQHandler	8	static
stm32f7xx_it.c:222:6:TIM1_UP_TIM10_IRQHandler	8	static
stm32f7xx_it.c:236:6:TIM1_CC_IRQHandler	8	static
stm32f7xx_it.c:250:6:TIM2_IRQHandler	8	static
stm32f7xx_it.c:264:6:OTG_FS_IRQHandler	8	static
